// Jest Snapshot v1, https://goo.gl/fbAQLP

exports[`component renders 1`] = `
<header
  className="header-wrapper"
>
  <div
    className="title"
  >
    视频播放速度调节插件
  </div>
  <div
    className="sub-title"
  >
    可以让你轻松调整视频播放速度
  </div>
</header>
`;
