// Jest Snapshot v1, https://goo.gl/fbAQLP

exports[`component renders 1`] = `
<section
  className="tips-wrapper"
>
  <div
    className="tips"
  >
    Scroll to load more
  </div>
  <span
    aria-label="double-right"
    className="anticon anticon-double-right icon-tips"
    role="img"
    style={
      Object {
        "fontSize": "20px",
      }
    }
  >
    <svg
      aria-hidden="true"
      className=""
      data-icon="double-right"
      fill="currentColor"
      focusable="false"
      height="1em"
      style={
        Object {
          "msTransform": "rotate(90deg)",
          "transform": "rotate(90deg)",
        }
      }
      viewBox="64 64 896 896"
      width="1em"
    >
      <path
        d="M533.2 492.3L277.9 166.1c-3-3.9-7.7-6.1-12.6-6.1H188c-6.7 0-10.4 7.7-6.3 12.9L447.1 512 181.7 851.1A7.98 7.98 0 00188 864h77.3c4.9 0 9.6-2.3 12.6-6.1l255.3-326.1c9.1-11.7 9.1-27.9 0-39.5zm304 0L581.9 166.1c-3-3.9-7.7-6.1-12.6-6.1H492c-6.7 0-10.4 7.7-6.3 12.9L751.1 512 485.7 851.1A7.98 7.98 0 00492 864h77.3c4.9 0 9.6-2.3 12.6-6.1l255.3-326.1c9.1-11.7 9.1-27.9 0-39.5z"
      />
    </svg>
  </span>
</section>
`;
